GAMS 41.2.0  5110e5ff Nov 14, 2022          WEX-WEI x86 64bit/MS Windows - 06/23/23 16:39:59 Page 1
G e n e r a l   A l g e b r a i c   M o d e l i n g   S y s t e m
C o m p i l a t i o n


   1  option  Optcr = 0.05;
   2  option limrow = 0;
   3  option limcol = 0;
GAMS 41.2.0  5110e5ff Nov 14, 2022          WEX-WEI x86 64bit/MS Windows - 06/23/23 16:39:59 Page 2
Modelo 2 (de flujo)
C o m p i l a t i o n




COMPILATION TIME     =        0.000 SECONDS      3 MB  41.2.0 5110e5ff WEX-WEI
GAMS 41.2.0  5110e5ff Nov 14, 2022          WEX-WEI x86 64bit/MS Windows - 06/23/23 16:39:59 Page 3
Modelo 2 (de flujo)
Range Statistics    SOLVE modelo1 Using MIP From line 609


RANGE STATISTICS (ABSOLUTE NON-ZERO FINITE VALUES)

RHS       [min, max] : [ 1.000E-01, 4.000E+06] - Zero values observed as well
Bound     [min, max] : [ 1.000E+00, 1.000E+00] - Zero values observed as well
Matrix    [min, max] : [ 2.857E-09, 1.200E+05]

GAMS 41.2.0  5110e5ff Nov 14, 2022          WEX-WEI x86 64bit/MS Windows - 06/23/23 16:39:59 Page 4
Modelo 2 (de flujo)
Model Statistics    SOLVE modelo1 Using MIP From line 609


MODEL STATISTICS

BLOCKS OF EQUATIONS          27     SINGLE EQUATIONS       29,871
BLOCKS OF VARIABLES          25     SINGLE VARIABLES       28,332
NON ZERO ELEMENTS       128,043     DISCRETE VARIABLES     27,937



**** The model exceeds the demo license limits for linear models of more than 2000 rows or columns
     As an academic user, you can submit large models to the NEOS service for free (see https://www.gams.com/neos)
     Alternatively, feel free to contact sales@gams.com to discuss your options

**** Terminated due to a licensing error
**** License file: C:\Users\Antonio\Documents\GAMS\gamslice.txt

**** Current license content:
     GAMS Demo license for Antonio Sevilla Sastre   G221121|0002CO-GEN
     UCM, Spain                                                       
     1084556100 **GAMS Demo license restricted to non-commercial use**
     189466700C                                                       
     DL079880                                       C DEMO            
     antsev01@ucm.es, Antonio Sevilla Sastre                          
