GAMS 41.2.0  5110e5ff Nov 14, 2022          WEX-WEI x86 64bit/MS Windows - 06/16/23 14:22:19 Page 1
G e n e r a l   A l g e b r a i c   M o d e l i n g   S y s t e m
C o m p i l a t i o n


   1  option limrow = 0;
   2  option limcol = 0;
GAMS 41.2.0  5110e5ff Nov 14, 2022          WEX-WEI x86 64bit/MS Windows - 06/16/23 14:22:19 Page 2
Modelo de flujo con vehiculos, coste variable, coste por rehabilitacion, fiabilidad
C o m p i l a t i o n




COMPILATION TIME     =        0.016 SECONDS      3 MB  41.2.0 5110e5ff WEX-WEI
GAMS 41.2.0  5110e5ff Nov 14, 2022          WEX-WEI x86 64bit/MS Windows - 06/16/23 14:22:19 Page 3
Modelo de flujo con vehiculos, coste variable, coste por rehabilitacion, fiabilidad
Range Statistics    SOLVE modelo1 Using MIP From line 736


RANGE STATISTICS (ABSOLUTE NON-ZERO FINITE VALUES)

RHS       [min, max] : [ 4.000E+01, 2.000E+06] - Zero values observed as well
Bound     [min, max] : [ 1.000E+00, 1.000E+00] - Zero values observed as well
Matrix    [min, max] : [ 1.443E-03, 3.000E+04]

GAMS 41.2.0  5110e5ff Nov 14, 2022          WEX-WEI x86 64bit/MS Windows - 06/16/23 14:22:19 Page 4
Modelo de flujo con vehiculos, coste variable, coste por rehabilitacion, fiabilidad
Model Statistics    SOLVE modelo1 Using MIP From line 736


MODEL STATISTICS

BLOCKS OF EQUATIONS          27     SINGLE EQUATIONS       30,148
BLOCKS OF VARIABLES          16     SINGLE VARIABLES       32,200
NON ZERO ELEMENTS       132,644     DISCRETE VARIABLES     31,752



**** The model exceeds the demo license limits for linear models of more than 2000 rows or columns
     As an academic user, you can submit large models to the NEOS service for free (see https://www.gams.com/neos)
     Alternatively, feel free to contact sales@gams.com to discuss your options

**** Terminated due to a licensing error
**** License file: C:\Users\Antonio\Documents\GAMS\gamslice.txt

**** Current license content:
     GAMS Demo license for Antonio Sevilla Sastre   G221121|0002CO-GEN
     UCM, Spain                                                       
     1084556100 **GAMS Demo license restricted to non-commercial use**
     189466700C                                                       
     DL079880                                       C DEMO            
     antsev01@ucm.es, Antonio Sevilla Sastre                          
